#-----------------------------------------------------------
# Webtalk v2020.1 (64-bit)
# SW Build 2902540 on Wed May 27 19:54:49 MDT 2020
# IP Build 2902112 on Wed May 27 22:43:36 MDT 2020
# Start of session at: Mon Dec  7 17:03:27 2020
# Process ID: 16000
# Current directory: C:/Users/chris/Documents/git-repos/fpga_emb_drone/FPGA_drone/FPGA_drone.sim/sim_1/behav/xsim
# Command line: wbtcv.exe -mode batch -source C:/Users/chris/Documents/git-repos/fpga_emb_drone/FPGA_drone/FPGA_drone.sim/sim_1/behav/xsim/xsim.dir/tb_receiver_control_sim_behav/webtalk/xsim_webtalk.tcl -notrace
# Log file: C:/Users/chris/Documents/git-repos/fpga_emb_drone/FPGA_drone/FPGA_drone.sim/sim_1/behav/xsim/webtalk.log
# Journal file: C:/Users/chris/Documents/git-repos/fpga_emb_drone/FPGA_drone/FPGA_drone.sim/sim_1/behav/xsim\webtalk.jou
#-----------------------------------------------------------
source C:/Users/chris/Documents/git-repos/fpga_emb_drone/FPGA_drone/FPGA_drone.sim/sim_1/behav/xsim/xsim.dir/tb_receiver_control_sim_behav/webtalk/xsim_webtalk.tcl -notrace
